============================= test session starts ==============================
platform darwin -- Python 3.14.3, pytest-9.0.2, pluggy-1.6.0 -- /Users/madhurthareja/itachicmd/venv/bin/python
cachedir: .pytest_cache
rootdir: /Users/madhurthareja/itachicmd/BCSZC241T-SProject
configfile: pyproject.toml
plugins: anyio-4.11.0
collecting ... collected 5 items

tests/test_watermarking.py::test_deterministic_watermark_sequence PASSED [ 20%]
tests/test_watermarking.py::test_embedding_transparency_medium_strength PASSED [ 40%]
tests/test_watermarking.py::test_detection_with_correct_key FAILED       [ 60%]
tests/test_watermarking.py::test_detection_with_incorrect_key PASSED     [ 80%]
tests/test_watermarking.py::test_multiframe_aggregation_stability PASSED [100%]

=================================== FAILURES ===================================
_______________________ test_detection_with_correct_key ________________________

tmp_path = PosixPath('/private/var/folders/y3/5gwyxz6j76b7382qc4gwtm0r0000gn/T/pytest-of-madhurthareja/pytest-4/test_detection_with_correct_ke0')

    def test_detection_with_correct_key(tmp_path):
        frames = _make_frames(24, size=(72, 72), seed=7)
        input_path = tmp_path / "input.mp4"
        output_path = tmp_path / "watermarked.mp4"
    
        _write_video(input_path, frames)
        embed_algo = _strong_algorithm("secret")
        detect_algo = _strong_algorithm("secret")
        wm = Watermarker(
            key="secret",
            strength="high",
            selector=AllFrames(),
            algorithm=embed_algo,
        )
        wm.embed(str(input_path), str(output_path))
    
        result = Watermarker(
            key="secret",
            strength="high",
            selector=AllFrames(),
            algorithm=detect_algo,
        ).detect(str(output_path), threshold=0.01)
>       assert result.present
E       assert False
E        +  where False = DetectionResult(confidence=0.001, threshold=0.010, present=False).present

tests/test_watermarking.py:87: AssertionError
=========================== short test summary info ============================
FAILED tests/test_watermarking.py::test_detection_with_correct_key - assert False
 +  where False = DetectionResult(confidence=0.001, threshold=0.010, present=False).present
========================= 1 failed, 4 passed in 0.79s ==========================
